// Jest Snapshot v1, https://goo.gl/fbAQLP

exports[`it works 1`] = `
.c0 {
  margin: 0;
}

<p
  className="c0"
/>
`;
