// Jest Snapshot v1, https://goo.gl/fbAQLP

exports[`When I visit the site Then I can see a wrapper without scrolls 1`] = `
.c0 {
  grid-area: main;
  min-width: 0;
}

<main
  className="c0"
/>
`;
