// Jest Snapshot v1, https://goo.gl/fbAQLP

exports[`it works 1`] = `
.c0 {
  margin: 0 0 .6rem 0;
  padding: 0;
  word-wrap: none;
}

<h2
  className="c0"
/>
`;
