// Jest Snapshot v1, https://goo.gl/fbAQLP

exports[`query correctly 1`] = `
.c0 {
  display: grid;
  grid-template-columns: minmax(auto,1024px);
  -webkit-box-pack: center;
  -webkit-justify-content: center;
  -ms-flex-pack: center;
  justify-content: center;
  padding: 1em;
}

.c1 {
  display: grid;
  grid-template-columns: 1fr;
}

.c3 {
  -webkit-flex: 0 0 64px;
  -ms-flex: 0 0 64px;
  flex: 0 0 64px;
  width: 64px;
  height: 64px;
  padding: 10px;
}

.c2 {
  -webkit-align-items: center;
  -webkit-box-align: center;
  -ms-flex-align: center;
  align-items: center;
  box-shadow: 0 4px 8px 0 rgba(0,0,0,0.2);
  box-sizing: border-box;
  display: -webkit-box;
  display: -webkit-flex;
  display: -ms-flexbox;
  display: flex;
  margin-bottom: 15px;
  -webkit-transition: 0.3s;
  transition: 0.3s;
  width: 100%;
  padding: 10px;
}

.c2:hover {
  box-shadow: 0 6px 12px 0 rgba(0,0,0,0.2);
}

.c2:last-child {
  margin-bottom: 0;
}

.c4 {
  -webkit-flex: 1;
  -ms-flex: 1;
  flex: 1;
}

.c6 {
  margin: 0;
}

.c5 {
  margin: 0 0 12px 0;
  padding: 0;
}

<div>
  <div
    className="c0"
  >
    <div
      className="c1"
    >
      <header>
        <h1>
          Molecular starter
        </h1>
      </header>
      <div
        className="c2"
      >
        <img
          alt="My first blog post"
          className="c3"
          size="64px"
          src="https://www.secorto.com/img/logo.png"
        />
        <div
          className="c4"
        >
          <a
            href="/blog/my-first-post"
          >
            <h2
              className="c5"
            >
              My first blog post
            </h2>
          </a>
          <p
            className="c6"
          >
            "Lorem ipsum dolor sit amet, consectetur adipiscing elit, sed do eiusmod tempor incididunt ut labore et dolore magna aliqua. Ut enim ad minim veniam, quis nostrud exercitation ullamco laboris nisi utâ€¦
          </p>
        </div>
      </div>
    </div>
  </div>
</div>
`;
