// Jest Snapshot v1, https://goo.gl/fbAQLP

exports[`When I visit the site in a desktop Then the profile of the blog owner should be shown in a sidebar 1`] = `
.c0 {
  grid-area: sidebar;
  min-width: 0;
}

<nav
  className="c0"
/>
`;
