// Jest Snapshot v1, https://goo.gl/fbAQLP

exports[`it works 1`] = `
.c1 {
  -webkit-flex: 0 0 64px;
  -ms-flex: 0 0 64px;
  flex: 0 0 64px;
  width: 64px;
  height: 64px;
  padding: 10px;
}

.c0 {
  -webkit-align-items: center;
  -webkit-box-align: center;
  -ms-flex-align: center;
  align-items: center;
  box-shadow: 0 4px 8px 0 rgba(0,0,0,0.2);
  box-sizing: border-box;
  display: -webkit-box;
  display: -webkit-flex;
  display: -ms-flexbox;
  display: flex;
  margin-bottom: 15px;
  -webkit-transition: 0.3s;
  transition: 0.3s;
  width: 100%;
  padding: 10px;
}

.c0:hover {
  box-shadow: 0 6px 12px 0 rgba(0,0,0,0.2);
}

.c0:last-child {
  margin-bottom: 0;
}

.c2 {
  -webkit-flex: 1;
  -ms-flex: 1;
  flex: 1;
}

<div
  className="c0"
>
  <img
    alt="Title stub"
    className="c1"
    size="64px"
    src="image_stub"
  />
  <div
    className="c2"
  >
    <small>
      date stub
    </small>
    <div
      className="blog-post-content"
      dangerouslySetInnerHTML={
        Object {
          "__html": "html stub",
        }
      }
    />
  </div>
</div>
`;
