// Jest Snapshot v1, https://goo.gl/fbAQLP

exports[`When I visit the site Then the profile of the blog owner should be shown 1`] = `
.c0 {
  -webkit-align-items: center;
  -webkit-box-align: center;
  -ms-flex-align: center;
  align-items: center;
  border-radius: 0.5rem;
  box-shadow: 0 4px 8px 0 rgba(0,0,0,0.2);
  box-sizing: border-box;
  display: -webkit-box;
  display: -webkit-flex;
  display: -ms-flexbox;
  display: flex;
  margin: 0 0 1rem 0;
  padding: 0.6rem;
  -webkit-transition: 0.3s;
  transition: 0.3s;
  width: 100%;
  -webkit-box-pack: center;
  -webkit-justify-content: center;
  -ms-flex-pack: center;
  justify-content: center;
  -webkit-flex-flow: column;
  -ms-flex-flow: column;
  flex-flow: column;
}

@media only screen and (min-width:48em) {
  .c0 {
    height: 95vh;
    margin: 0;
  }
}

<div
  className="c0"
/>
`;
