// Jest Snapshot v1, https://goo.gl/fbAQLP

exports[`When I see the metadata of a post Then the metadata should be clearly separated 1`] = `
.c0 {
  margin: 0 -1rem 0 0;
}

<div
  className="c0"
/>
`;
