// Jest Snapshot v1, https://goo.gl/fbAQLP

exports[`When I see an icon Then it should be a inline element 1`] = `
<span
  className=""
/>
`;
