// Jest Snapshot v1, https://goo.gl/fbAQLP

exports[`When I want to see a card element Then the card should have borders and a good spacing 1`] = `
.c0 {
  -webkit-align-items: center;
  -webkit-box-align: center;
  -ms-flex-align: center;
  align-items: center;
  border-radius: 0.5rem;
  box-shadow: 0 4px 8px 0 rgba(0,0,0,0.2);
  box-sizing: border-box;
  display: -webkit-box;
  display: -webkit-flex;
  display: -ms-flexbox;
  display: flex;
  margin: 0 0 1rem 0;
  padding: 0.6rem;
  -webkit-transition: 0.3s;
  transition: 0.3s;
  width: 100%;
}

<div
  className="c0"
/>
`;
