// Jest Snapshot v1, https://goo.gl/fbAQLP

exports[`When I see the metadata of a post Then the metadata should be displayed muted and inline 1`] = `
.c0 {
  color: #555;
  display: inline-block;
  margin: 0;
}

<div
  className="c0"
/>
`;
